Generating dataset (100 runs x 24h @ 1Hz, pulses_per_tick=200,000) with decoy-state features...
  run 1/100 done (cooled, clean, dist=63.0km)
  run 2/100 done (uncooled, pure_pns, dist=20.0km)
  run 3/100 done (cooled, pure_ir, dist=37.9km)
  run 4/100 done (uncooled, clean, dist=5.6km)
  run 5/100 done (cooled, pure_pns, dist=69.4km)
  run 6/100 done (uncooled, clean, dist=64.0km)
  run 7/100 done (cooled, pure_ir, dist=57.3km)
  run 8/100 done (uncooled, clean, dist=54.9km)
  run 9/100 done (cooled, pure_pns, dist=12.1km)
  run 10/100 done (uncooled, pure_ir, dist=57.9km)
  run 11/100 done (cooled, clean, dist=78.2km)
  run 12/100 done (uncooled, pure_ir, dist=63.6km)
  run 13/100 done (cooled, pure_ir, dist=62.1km)
  run 14/100 done (uncooled, pure_ir, dist=39.4km)
  run 15/100 done (cooled, pure_pns, dist=64.0km)
  run 16/100 done (uncooled, clean, dist=47.7km)
  run 17/100 done (cooled, clean, dist=14.6km)
  run 18/100 done (uncooled, pure_pns, dist=15.5km)
  run 19/100 done (cooled, clean, dist=38.8km)
  run 20/100 done (uncooled, clean, dist=13.6km)
  run 21/100 done (cooled, pure_ir, dist=32.8km)
  run 22/100 done (uncooled, pure_ir, dist=55.1km)
  run 23/100 done (cooled, clean, dist=74.5km)
  run 24/100 done (uncooled, clean, dist=40.3km)
  run 25/100 done (cooled, clean, dist=53.3km)
  run 26/100 done (uncooled, pure_pns, dist=47.4km)
  run 27/100 done (cooled, clean, dist=66.7km)
  run 28/100 done (uncooled, clean, dist=62.4km)
  run 29/100 done (cooled, pure_pns, dist=38.3km)
  run 30/100 done (uncooled, pure_pns, dist=52.6km)
  run 31/100 done (cooled, pure_ir, dist=22.0km)
  run 32/100 done (uncooled, pure_pns, dist=46.5km)
  run 33/100 done (cooled, clean, dist=46.6km)
  run 34/100 done (uncooled, pure_ir, dist=46.9km)
  run 35/100 done (cooled, pure_ir, dist=9.8km)
  run 36/100 done (uncooled, clean, dist=27.8km)
  run 37/100 done (cooled, pure_ir, dist=67.1km)
  run 38/100 done (uncooled, pure_pns, dist=7.3km)
  run 39/100 done (cooled, pure_pns, dist=52.4km)
  run 40/100 done (uncooled, pure_pns, dist=37.8km)
  run 41/100 done (cooled, pure_pns, dist=61.9km)
  run 42/100 done (uncooled, clean, dist=21.1km)
  run 43/100 done (cooled, pure_pns, dist=31.6km)
  run 44/100 done (uncooled, pure_ir, dist=35.6km)
  run 45/100 done (cooled, pure_pns, dist=77.8km)
  run 46/100 done (uncooled, pure_ir, dist=69.0km)
  run 47/100 done (cooled, pure_ir, dist=72.0km)
  run 48/100 done (uncooled, pure_ir, dist=22.5km)
  run 49/100 done (cooled, pure_ir, dist=63.4km)
  run 50/100 done (uncooled, clean, dist=9.4km)
  run 51/100 done (cooled, pure_pns, dist=19.6km)
  run 52/100 done (uncooled, clean, dist=26.1km)
  run 53/100 done (cooled, pure_pns, dist=40.0km)
  run 54/100 done (uncooled, pure_ir, dist=27.0km)
  run 55/100 done (cooled, clean, dist=8.3km)
  run 56/100 done (uncooled, clean, dist=54.6km)
  run 57/100 done (cooled, clean, dist=16.6km)
  run 58/100 done (uncooled, clean, dist=46.8km)
  run 59/100 done (cooled, clean, dist=56.2km)
  run 60/100 done (uncooled, pure_pns, dist=63.8km)
  run 61/100 done (cooled, clean, dist=60.9km)
  run 62/100 done (uncooled, pure_pns, dist=54.8km)
  run 63/100 done (cooled, pure_ir, dist=77.6km)
  run 64/100 done (uncooled, clean, dist=35.5km)
  run 65/100 done (cooled, pure_ir, dist=29.4km)
  run 66/100 done (uncooled, pure_pns, dist=66.1km)
  run 67/100 done (cooled, clean, dist=32.8km)
  run 68/100 done (uncooled, pure_pns, dist=17.5km)
  run 69/100 done (cooled, pure_ir, dist=40.2km)
  run 70/100 done (uncooled, pure_ir, dist=6.7km)
  run 71/100 done (cooled, pure_ir, dist=19.2km)
  run 72/100 done (uncooled, pure_pns, dist=11.8km)
  run 73/100 done (cooled, pure_ir, dist=14.7km)
  run 74/100 done (uncooled, pure_pns, dist=59.2km)
  run 75/100 done (cooled, pure_ir, dist=40.7km)
  run 76/100 done (uncooled, pure_pns, dist=39.6km)
  run 77/100 done (cooled, clean, dist=22.0km)
  run 78/100 done (uncooled, pure_ir, dist=17.1km)
  run 79/100 done (cooled, pure_ir, dist=55.2km)
  run 80/100 done (uncooled, pure_ir, dist=42.6km)
  run 81/100 done (cooled, pure_pns, dist=37.8km)
  run 82/100 done (uncooled, clean, dist=16.4km)
  run 83/100 done (cooled, clean, dist=67.5km)
  run 84/100 done (uncooled, clean, dist=57.2km)
  run 85/100 done (cooled, pure_pns, dist=57.5km)
  run 86/100 done (uncooled, clean, dist=38.5km)
  run 87/100 done (cooled, clean, dist=28.4km)
  run 88/100 done (uncooled, pure_pns, dist=33.6km)
  run 89/100 done (cooled, pure_pns, dist=67.4km)
  run 90/100 done (uncooled, pure_pns, dist=27.6km)
  run 91/100 done (cooled, clean, dist=65.4km)
  run 92/100 done (uncooled, pure_ir, dist=52.3km)
  run 93/100 done (cooled, clean, dist=34.1km)
  run 94/100 done (uncooled, pure_ir, dist=32.1km)
  run 95/100 done (cooled, pure_pns, dist=26.6km)
  run 96/100 done (uncooled, pure_ir, dist=11.6km)
  run 97/100 done (cooled, pure_pns, dist=56.2km)
  run 98/100 done (uncooled, pure_ir, dist=13.9km)
  run 99/100 done (cooled, pure_pns, dist=15.5km)
  run 100/100 done (uncooled, clean, dist=77.1km)

Dataset generation complete.
Train: qkd_train_decoy.csv
Test:  qkd_test_decoy.csv

Generation completed in 313.5s
Saved: qkd_train_decoy.csv
Saved: qkd_test_decoy.csv

Running post-generation diagnostics...

=== Literature sanity checks ===
Clean QBER mean:           0.0222  (expect ~0.01-0.05)
Strong IR QBER mean:       0.1349  (expect >0.11)
PNS QBER mean:             0.0234  (expect ~ clean)
Clean decoy_anomaly:       1.2439  (expect ~ 0 or slightly pos)
PNS decoy_anomaly:         1.1328  (expect > clean)
Clean y1_lower:            0.10618
PNS y1_lower:              0.10181  (expect << clean)
Clean yield_ratio:         3.7561  (expect ~ 5.0 absent dark counts)
PNS yield_ratio:           3.8672  (expect < clean)

Finite-key: n_sifted floor=109, frac_at_floor=0.000 (ideally <0.05)

=== Run-type counts per split ===
TRAIN (50 runs): clean=18, pure_ir=16, pure_pns=16
TEST (50 runs): clean=18, pure_pns=16, pure_ir=16

=== Confound diagnostic ===
  clean vs pure_ir: dist d=0.10, n_sifted d=0.06
  clean vs pure_pns: dist d=0.02, n_sifted d=0.05
  pure_ir vs pure_pns: dist d=0.08, n_sifted d=0.11
Diagnostics saved to generation_diagnostics_log.txt — attach this file to the methodology writeup.
